VBCSCompilerPreWarmer: WARNING: Expected Unity analyzer DLL not found at 'C:/Program Files/Unity/Hub/Editor/6000.6.0f1/Editor/Data/Tools/BuildPipeline/Unity.Analyzers.Common/Unity.Analyzers.Common.dll' but it wasn't
VBCSCompilerPreWarmer: WARNING: Expected Unity analyzer DLL not found at 'C:/Program Files/Unity/Hub/Editor/6000.6.0f1/Editor/Data/Tools/BuildPipeline/Unity.Analyzers.LongLiving/Unity.Analyzers.LongLiving.dll' but it wasn't
VBCSCompilerPreWarmer: WARNING: Expected Unity analyzer DLL not found at 'C:/Program Files/Unity/Hub/Editor/6000.6.0f1/Editor/Data/Tools/BuildPipeline/Unity.SourceGenerators/Unity.Properties.SourceGenerator.dll' but it wasn't
VBCSCompilerPreWarmer: WARNING: Expected Unity analyzer DLL not found at 'C:/Program Files/Unity/Hub/Editor/6000.6.0f1/Editor/Data/Tools/BuildPipeline/Unity.SourceGenerators/Unity.SourceGenerators.dll' but it wasn't
VBCSCompilerPreWarmer: WARNING: Expected Unity analyzer DLL not found at 'C:/Program Files/Unity/Hub/Editor/6000.6.0f1/Editor/Data/Tools/BuildPipeline/Unity.SourceGenerators/Unity.UIToolkit.SourceGenerator.dll' but it wasn't
VBCSCompilerPreWarmer: pre-warm launched (dotnet PID 26756)
VBCSCompiler prewarm took 18.09 ms
[Licensing::Module] Trying to connect to existing licensing client channel...
[Licensing::IpcConnector] Successfully connected to: "LicenseClient-kryst" at "2026-10-06T06:40:30.1135298Z"
Built from '6000.6/respin/6000.6.0f1-fa21a270ab12' branch; Version is '6000.6.0f1 (f7f8ed4d1e24) revision 16251117'; Using compiler version '194234433'; Build Type 'Release'
OS: 'Windows 11  (10.0.26200) Professional' Language: 'cs' Physical Memory: 16107 MB
BatchMode: 0, IsHumanControllingUs: 1, StartBugReporterOnCrash: 1, Is64bit: 1
System  architecture: x64
Process architecture: x64
Date: 2026-10-06T06:40:30Z
[Licensing::Client] Code 10 while verifying Licensing Client signature (process Id: 23640, path: "C:/Program Files/Unity Hub/UnityLicensingClient_V1/Unity.Licensing.Client.exe")
[Licensing::Module] LicensingClient has failed validation; ignoring
[Licensing::Client] Handshaking with LicensingClient:
  Version:                 1.18.3+d7ffd15
  Session Id:              3cbb9a44654b4f1497b606c7191c1d35
  Correlation Id:          c471602bc34ee73e20a1f7edd97839fd
  External correlation Id: 6344888631467432862
  Machine Id:              TFAAZ03LNaUu03d88W94a7XDVn8=
[Licensing::Module] Successfully connected to LicensingClient on channel: "LicenseClient-kryst" (connect: 0.00s, validation: 0.00s, handshake: 0.05s)
[Licensing::IpcConnector] Successfully connected to: "LicenseClient-kryst-notifications" at "2026-10-06T06:40:30.1716862Z"
[Licensing::Client] Successfully updated the access token
[Licensing::Module] Successfully updated the access token YvDO7vnqoF...
[Licensing::Client] Successfully resolved entitlement details
[Licensing::Module] License group:
  Id: 7972499380848-UnityPersXXXX
  Product: Unity Personal
  Type: Assigned
  Expiration: Unlimited
[Licensing::Client] Successfully updated license, isAsync: True, time: 0.02
[Licensing::Client] Successfully resolved entitlement details
[Licensing::Module] Licensing Background thread has ended after 0.09s
Error creating external process 'C:/Program Files/Unity/Hub/Editor/6000.6.0f1/Editor/Data/Resources/PackageManager/Server/UnityPackageManager.exe' : Systém nemůže nalézt uvedenou cestu.
Error cleaning up external process: Neplatný popisovač.
[Package Manager] Cannot start server process [path: `C:/Program Files/Unity/Hub/Editor/6000.6.0f1/Editor/Data/Resources/PackageManager/Server/UnityPackageManager.exe`]

COMMAND LINE ARGUMENTS:
C:\Program Files\Unity\Hub\Editor\6000.6.0f1\Editor\Unity.exe
-createproject
C:\Users\kryst\Marek
-cloneFromTemplate
C:\Program Files\Unity\Hub\Editor\6000.6.0f1\Editor\Data\Resources\PackageManager\ProjectTemplates\com.unity.template.urp-blank-17.2.1.tgz
-cloudOrganization
7972499397297
-cloudProject
9c0475e3-71b1-4cd2-b8cc-624e46128bdd
-cloudEnvironment
production
-useHub
-hubIPC
-hubSessionId
5bbbefd9-cc3d-4b44-9bda-1f554c1e421b
-accessToken
YvDO7vnqoFn7qtDR3_X1rfUVMMRLWMpbjCtkP6K-aP0007f
C:/Users/kryst/Marek
[UnityMemory] Configuration Parameters - Can be set up in boot.config
    "memorysetup-temp-allocator-size-gi-baking-worker=262144"
    "memorysetup-temp-allocator-size-gi-baking-worker=262144"
    "memorysetup-temp-allocator-size-gi-baking-worker=262144"
    "memorysetup-temp-allocator-size-gi-baking-worker=262144"
    "memorysetup-temp-allocator-size-gi-baking-worker=262144"
    "memorysetup-temp-allocator-size-nav-mesh-worker=65536"
    "memorysetup-temp-allocator-size-audio-worker=65536"
    "memorysetup-temp-allocator-size-cloud-worker=32768"
    "memorysetup-temp-allocator-size-gfx=262144"
    "memorysetup-remapper-allocator-initial-capacity=32768"
    "memorysetup-temp-allocator-size-preload-manager=33554432"
    "memorysetup-allocator-temp-initial-block-size-main=262144"
    "memorysetup-allocator-temp-initial-block-size-worker=262144"
    "memorysetup-temp-allocator-size-job-worker=262144"
    "memorysetup-temp-allocator-size-background-worker=32768"
    "memorysetup-bucket-allocator-granularity=16"
    "memorysetup-bucket-allocator-bucket-count=8"
    "memorysetup-bucket-allocator-block-size=33554432"
    "memorysetup-bucket-allocator-block-count=8"
    "memorysetup-main-allocator-block-size=16777216"
    "memorysetup-thread-allocator-block-size=16777216"
    "memorysetup-main-allocator-mimalloc-enabled=1"
    "memorysetup-gfx-main-allocator-block-size=16777216"
    "memorysetup-gfx-thread-allocator-block-size=16777216"
    "memorysetup-cache-allocator-block-size=4194304"
    "memorysetup-typetree-allocator-block-size=2097152"
    "memorysetup-profiler-bucket-allocator-granularity=16"
    "memorysetup-profiler-bucket-allocator-bucket-count=8"
    "memorysetup-profiler-bucket-allocator-block-size=33554432"
    "memorysetup-profiler-bucket-allocator-block-count=8"
    "memorysetup-profiler-allocator-block-size=16777216"
    "memorysetup-profiler-editor-allocator-block-size=1048576"
    "memorysetup-temp-allocator-size-main=16777216"
    "memorysetup-job-temp-allocator-block-size=2097152"
    "memorysetup-job-temp-allocator-block-size-background=1048576"
    "memorysetup-job-temp-allocator-reduction-small-platforms=262144"
Player connection [13304]  Target information:

Player connection [13304]  * "[IP] 10.2.100.204 [Port] 55504 [Flags] 2 [Guid] 2013147087 [EditorId] 2013147087 [Version] 1048832 [Id] WindowsEditor(7,Kikin) [Debug] 1 [PackageName] WindowsEditor [ProjectName] Editor" 

Player connection [13304] Host joined multi-casting on [225.0.0.222:54997]...
Player connection [13304] Host joined alternative multi-casting on [225.0.0.222:34997]...
Input System module state changed to: Initialized.
[Physics::Module] Initialized fallback backend.
[Physics::Module] Id: 0xdecafbad
Failed to load ASTC compressor library from astcenc-avx2
Error decompressing GZ: Could not start task C:/Program Files/Unity/Hub/Editor/6000.6.0f1/Editor/Data/Tools/7z.exe: failed to launch process: Systém nemůže nalézt uvedenou cestu.

Details: path='C:\Program Files\Unity\Hub\Editor\6000.6.0f1\Editor\Data\Resources\PackageManager\ProjectTemplates\com.unity.template.urp-blank-17.2.1.tgz' shortpath='C:\Program Files\Unity\Hub\Editor\6000.6.0f1\Editor\Data\Resources\PackageManager\ProjectTemplates\com.unity.template.urp-blank-17.2.1.tgz' out='Temp/TarGZ'
[ExitDontLaunchBugReporter] Exiting without the bug reporter. Application will exit with return code 1
